// Jest Snapshot v1, https://goo.gl/fbAQLP

exports[`testing screen SongsList matches with snapshot 1`] = `
<View
  style={
    Object {
      "alignItems": "center",
      "backgroundColor": "#e3f0fc",
      "flex": 1,
      "justifyContent": "center",
    }
  }
>
  <RCTScrollView
    data={Array []}
    disableVirtualization={false}
    getItem={[Function]}
    getItemCount={[Function]}
    horizontal={false}
    initialNumToRender={10}
    keyExtractor={[Function]}
    maxToRenderPerBatch={10}
    onContentSizeChange={[Function]}
    onEndReachedThreshold={2}
    onLayout={[Function]}
    onMomentumScrollEnd={[Function]}
    onScroll={[Function]}
    onScrollBeginDrag={[Function]}
    onScrollEndDrag={[Function]}
    removeClippedSubviews={false}
    renderItem={[Function]}
    scrollEventThrottle={50}
    stickyHeaderIndices={Array []}
    style={
      Object {
        "width": "100%",
      }
    }
    testID="SongList_FlatList"
    updateCellsBatchingPeriod={50}
    viewabilityConfigCallbackPairs={Array []}
    windowSize={21}
  >
    <View />
  </RCTScrollView>
  <View
    style={
      Object {
        "alignItems": "center",
        "flex": 1,
        "justifyContent": "center",
        "position": "absolute",
      }
    }
  >
    <ActivityIndicator
      animating={true}
      color="#2596be"
      hidesWhenStopped={true}
      size="small"
      testID="SongList_Loader"
    />
    <Text
      style={
        Object {
          "color": "#2596be",
          "fontSize": 14,
          "marginTop": 10,
        }
      }
    >
      Please wait
    </Text>
  </View>
</View>
`;
